
> vite_react_shadcn_ts@0.0.0 build
> vite build

[36mvite v7.3.2 [32mbuilding client environment for production...[36m[39m
transforming...
[32mΓ£ô[39m 1140 modules transformed.
node.exe : [31mΓ£ù[39m Build failed in 5.79s
At line:1 char:1
+ & "C:\Program Files\nodejs/node.exe" "C:\Users\Pannaga J A\AppData\Ro ...
+ ~~~~~~~~~~~~~~~~~~~~~~~~~~~~~~~~~~~~~~~~~~~~~~~~~~~~~~~~~~~~~~~~~~~~~
    + CategoryInfo          : NotSpecified: ([31mΓ£ù[39m Build failed in 5.79s:String) [], RemoteException
    + FullyQualifiedErrorId : NativeCommandError
 
[31merror during build:
[31m[vite:esbuild] Transform failed with 1 error:
D:/Stalight/advancedsoftware/Neuro-Frontend/src/components/admin/AdminQPApprovals.tsx:235:8: ERROR: Expected "finally" 
but found "else"[31m
file: [36mD:/Stalight/advancedsoftware/Neuro-Frontend/src/components/admin/AdminQPApprovals.tsx:235:8[31m
[33m
[33mExpected "finally" but found "else"[33m
233 |          setSelectedQP(null);
234 |          setComment("");
235 |        } else {
    |          ^
236 |          sonnerToast.error('Error', {
237 |            description: data.message || 'Failed to approve QP.',
[31m
    at failureErrorWithLog 
(D:\Stalight\advancedsoftware\Neuro-Frontend\node_modules\vite\node_modules\esbuild\lib\main.js:1748:15)
    at D:\Stalight\advancedsoftware\Neuro-Frontend\node_modules\vite\node_modules\esbuild\lib\main.js:1017:50
    at responseCallbacks.<computed> 
(D:\Stalight\advancedsoftware\Neuro-Frontend\node_modules\vite\node_modules\esbuild\lib\main.js:884:9)
    at handleIncomingPacket 
(D:\Stalight\advancedsoftware\Neuro-Frontend\node_modules\vite\node_modules\esbuild\lib\main.js:939:12)
    at Socket.readFromStdout 
(D:\Stalight\advancedsoftware\Neuro-Frontend\node_modules\vite\node_modules\esbuild\lib\main.js:862:7)
    at Socket.emit (node:events:509:28)
    at addChunk (node:internal/streams/readable:563:12)
    at readableAddChunkPushByteMode (node:internal/streams/readable:514:3)
    at Readable.push (node:internal/streams/readable:394:5)
    at Pipe.onStreamRead (node:internal/stream_base_commons:189:23)[39m
